// Vitest Snapshot v1, https://vitest.dev/guide/snapshot.html

exports[`ApplicationLogo > should render correctly 1`] = `"<img src=\\"/logo.svg\\" class=\\"h-36\\" alt=\\"\\">"`;
